[rimeco.com/index.html]
[backblue.gif]
[fade.gif]
[index.html]
[www.google-analytics.com/analytics.js]
[rimeco.com/linkid.2.delayed]
[rimeco.com/feed/index.html]
[rimeco.com/wp-includes/css/dist/block-library/style.min.css]
[rimeco.com/comments/feed/index.html]
[rimeco.com/wp-content/plugins/cookie-notice/css/front.min.css]
[rimeco.com/wp-content/cache/min/1/wp-content/plugins/page-list/css/page-list-e359e605b06a779606f70fa85da9d383.css]
[rimeco.com/wp-content/cache/min/1/wp-content/plugins/revslider/public/assets/css/settings-fb4e6d1fcabe2c1fcae8153c704593d3.css]
[rimeco.com/wp-content/cache/busting/1/wp-content/plugins/google-analytics-for-wordpress/assets/css/frontend.min-7.14.0.css]
[rimeco.com/wp-content/cache/busting/1/wp-content/themes/salient/css/font-awesome.min-4.6.3.css]
[rimeco.com/wp-content/cache/min/1/wp-content/themes/salient/style-f202a5c2ae19a0894a422ecb4c7fd6ef.css]
[rimeco.com/wp-content/cache/min/1/wp-content/themes/salient/css/rgs-2b3218fd2227b7698ec04deccd11814d.css]
[rimeco.com/wp-content/cache/min/1/wp-content/themes/salient-child/style-c4d5934c0e76d83bc5a7bcaeb884d1dd.css]
[rimeco.com/wp-content/cache/min/1/wp-content/themes/salient/css/magnific-60d91aced9f51e2bfd58530b9b7462fb.css]
[rimeco.com/wp-content/cache/min/1/wp-content/themes/salient/css/responsive-7ecf3b0b215989bfce84513fe07cf44a.css]
[rimeco.com/wp-content/cache/busting/1/wp-content/plugins/js_composer_salient/assets/css/js_composer.min-5.2.4.css]
[rimeco.com/wp-content/cache/busting/1/wp-content/plugins/gravityforms/css/formreset.min-2.4.10.1.css]
[rimeco.com/wp-content/cache/busting/1/wp-content/plugins/gravityforms/css/formsmain.min-2.4.10.1.css]
[rimeco.com/wp-content/cache/busting/1/wp-content/plugins/gravityforms/css/readyclass.min-2.4.10.1.css]
[rimeco.com/wp-content/cache/busting/1/wp-content/plugins/gravityforms/css/browsers.min-2.4.10.1.css]
[rimeco.com/wp-content/cache/busting/1/wp-content/plugins/popup-maker/assets/css/pum-site.min-1.14.0.css]
[rimeco.com/wp-content/cache/busting/1/wp-includes/js/jquery/jquery.min-3.5.1.js]
[rimeco.com/wp-content/cache/busting/1/wp-includes/js/jquery/jquery-migrate.min-3.3.2.js]
[rimeco.com/wp-content/cache/busting/1/wp-content/plugins/google-analytics-for-wordpress/assets/js/frontend.min-7.14.0.js]
[rimeco.com/wp-content/cache/busting/1/wp-content/plugins/revslider/public/assets/js/jquery.themepunch.tools.min-5.4.7.3.js]
[rimeco.com/wp-content/cache/busting/1/wp-content/plugins/revslider/public/assets/js/jquery.themepunch.revolution.min-5.4.7.3.js]
[rimeco.com/wp-content/cache/min/1/wp-content/themes/salient/js/modernizr-0b4f3e6b9e4be626485db3bded86a74d.js]
[rimeco.com/wp-content/cache/busting/1/wp-content/plugins/gravityforms/js/jquery.json.min-2.4.10.1.js]
[rimeco.com/wp-content/cache/busting/1/wp-content/plugins/gravityforms/js/gravityforms.min-2.4.10.1.js]
[rimeco.com/wp-content/cache/busting/1/wp-content/plugins/gravityforms/js/placeholders.jquery.min-2.4.10.1.js]
[rimeco.com/wp-json/wp/v2/pages/35.json]
[rimeco.com/wp-json/index.html]
[rimeco.com/xmlrpc0db0.php]
[rimeco.com/wp-includes/wlwmanifest.xml]
[rimeco.com/wp-content/uploads/fbrfg/apple-touch-icon.png]
[rimeco.com/wp-content/uploads/fbrfg/favicon-32x32.png]
[rimeco.com/wp-content/uploads/fbrfg/favicon-16x16.png]
[rimeco.com/wp-content/uploads/fbrfg/site.html]
[rimeco.com/wp-content/uploads/fbrfg/safari-pinned-tab.svg]
[rimeco.com/wp-content/uploads/fbrfg/favicon.ico]
[rimeco.com/wp-content/uploads/2018/05/aLUXtxZ.png]
[rimeco.com/wp-content/uploads/2018/10/rimeco_logo.svg]
[rimeco.com/wp-content/plugins/revslider/admin/assets/images/dummy.png]
[rimeco.com/about-us/index.html]
[rimeco.com/wp-content/uploads/Forside_Kvadrat_0742-cropped.jpg]
[rimeco.com/wp-content/uploads/2018/09/Forside_090818-Rimeco-0150.jpg]
[rimeco.com/wp-content/uploads/Chimney10-600x403.jpg]
[rimeco.com/wp-content/uploads/Aabenraa-Havn-600x403.jpg]
[rimeco.com/wp-content/uploads/Pre-material-600x403.jpg]
[rimeco.com/wp-content/uploads/tilmeld-nyhedsbrev.png]
[rimeco.com/about-us/sales-conditions/index.html]
[rimeco.com/about-us/purchase-conditions/index.html]
[rimeco.com/wp-content/plugins/gravityforms/images/spinner.gif]
[rimeco.com/recycle-with-us/index.html]
[rimeco.com/recycle-with-us/steel-scrap/index.html]
[rimeco.com/wp-content/uploads/2018/06/frontpage-section-background.png]
[rimeco.com/services/index.html]
[rimeco.com/recycle-with-us/metals-alloys/index.html]
[rimeco.com/wp-content/uploads/STOCKLIST060921.pdf]
[rimeco.com/recycle-with-us/steel-products/index.html]
[rimeco.com/recycle-with-us/demolition/index.html]
[rimeco.com/recycle-with-us/granulation/index.html]
[rimeco.com/wp-content/uploads/personale-klaus.jpg]
[rimeco.com/wp-content/uploads/personale-martin2.jpg]
[rimeco.com/wp-content/uploads/personale-flemming3.jpg]
[rimeco.com/recycle-with-us/residues-recycling/index.html]
[rimeco.com/wp-content/uploads/personale-kim.jpg]
[rimeco.com/recycle-with-us/weee-recycling/index.html]
[rimeco.com/recycle-with-us/data-destruction/index.html]
[rimeco.com/wp-content/uploads/2018/08/youtube_ikon.svg]
[rimeco.com/wp-content/uploads/2018/08/linkedin_ikon.svg]
[rimeco.com/products/index.html]
[rimeco.com/wp-content/uploads/Rimeco-Popup.png]
[rimeco.com/products/steel-scrap/index.html]
[rimeco.com/products/metals-alloys/index.html]
[rimeco.com/wp-content/cache/min/1/wp-content/themes/salient-child/assets/css/ws-co2-calculator-d7883483f7c3a1d29db390505fb1e0af.css]
[rimeco.com/products/steel-products/index.html]
[rimeco.com/wp-content/cache/busting/1/wp-includes/js/jquery/ui/core.min-1.12.1.js]
[rimeco.com/wp-content/cache/busting/1/wp-includes/js/jquery/ui/menu.min-1.12.1.js]
[rimeco.com/products/granulation-products/index.html]
[rimeco.com/wp-content/cache/busting/1/wp-includes/js/dist/vendor/wp-polyfill.min-7.4.4.js]
[rimeco.com/products/used-equipment/index.html]
[rimeco.com/wp-content/cache/busting/1/wp-includes/js/dist/dom-ready.min-93db39f6fe07a70cb9217310bec0a531.js]
[rimeco.com/jobs/index.html]
[rimeco.com/news/index.html]
[rimeco.com/wp-content/cache/busting/1/wp-includes/js/dist/hooks.min-d0188aa6c336f8bb426fe5318b7f5b72.js]
[rimeco.com/contact-us/index.html]
[rimeco.com/wp-content/cache/busting/1/wp-includes/js/dist/i18n.min-6ae7d829c963a7d8856558f3f9b32b43.js]
[rimeco.com/contact-us/employees/index.html]
[rimeco.com/wp-content/cache/busting/1/wp-includes/js/dist/a11y.min-f38c4dee80fd4bb43131247e3175c99a.js]
[rimeco.com/2021/03/29/taking-down-184-meters-of-chimney/index.html]
[rimeco.com/wp-content/cache/busting/1/wp-includes/js/jquery/ui/autocomplete.min-1.12.1.js]
[rimeco.com/category/demolition/index.html]
[rimeco.com/2021/03/29/streamlining-in-steel/index.html]
[rimeco.com/wp-content/cache/min/1/wp-content/themes/salient/nectar/assets/functions/ajax-search/wpss-search-suggest-b7a501b1c526991abe7c3a5ddddc4866.js]
[rimeco.com/category/products-steel-products/index.html]
[rimeco.com/2021/03/29/we-now-offer-the-complete-range/index.html]
[rimeco.com/wp-content/cache/busting/1/wp-content/plugins/cookie-notice/js/front.min-1.3.2.js]
[rimeco.com/wp-content/cache/min/1/wp-content/themes/salient-child/js/isInViewport-69ab7a400f45f6e0184f7a2adcf27d28.js]
[rimeco.com/category/about-us/index.html]
[rimeco.com/wp-content/cache/min/1/wp-content/themes/salient/js/magnific-e0211722903862abdb9a6a42f3e0b390.js]
[rimeco.com/disclaimer/index.html]
[rimeco.com/newsletter-signup/index.html]
[rimeco.com/cookies/index.html]
[rimeco.com/wp-content/cache/busting/1/wp-content/themes/salient/js/touchswipe.min-1.0.js]
[rimeco.com/wp-content/cache/busting/1/wp-content/themes/salient/js/caroufredsel.min-7.0.1.js]
[rimeco.com/wp-content/cache/busting/1/wp-content/themes/salient/js/owl.carousel.min-1.3.3.js]
[rimeco.com/wp-content/cache/min/1/wp-content/themes/salient/js/superfish-0fc0c26ec937355a9ad1d357c88df08b.js]
[rimeco.com/wp-content/cache/min/1/wp-content/themes/salient/js/init-a51ad4e6f21a2c13130ffbdecda8abf4.js]
[rimeco.com/wp-content/cache/busting/1/wp-content/plugins/js_composer_salient/assets/js/dist/js_composer_front.min-5.2.4.js]
[rimeco.com/wp-content/plugins/popup-maker/assets/js/site.mined16.js]
[rimeco.com/wp-content/cache/min/1/wp-content/themes/salient-child/assets/js/ws-co2-calculator-1a096a73d738e51df1430df4ab385a4b.js]
[snap.licdn.com/li.lms-analytics/insight.min.js]
[rimeco.com/index.html]
[www.googletagmanager.com/gtm5445.html]
[rimeco.com/linkid.html]
[rimeco.com/wp-includes/css/dist/block-library/style.min.css]
[rimeco.com/wp-content/plugins/cookie-notice/css/front.min.css]
[rimeco.com/wp-content/cache/min/1/wp-content/plugins/page-list/css/page-list-e359e605b06a779606f70fa85da9d383.css]
[rimeco.com/wp-content/plugins/revslider/public/assets/fonts/revicons/revicons90c6.eot]
[rimeco.com/wp-content/plugins/revslider/public/assets/fonts/revicons/revicons90c6.woff]
[rimeco.com/wp-content/plugins/revslider/public/assets/fonts/revicons/revicons90c6.ttf]
[rimeco.com/wp-content/plugins/revslider/public/assets/fonts/revicons/revicons90c6.svg]
[rimeco.com/wp-content/plugins/revslider/public/assets/css/openhand.html]
[rimeco.com/wp-content/plugins/revslider/public/assets/css/closedhand.html]
[rimeco.com/wp-content/plugins/revslider/public/assets/assets/gridtile.png]
[rimeco.com/wp-content/plugins/revslider/public/assets/assets/gridtile_white.png]
[rimeco.com/wp-content/plugins/revslider/public/assets/assets/gridtile_3x3.png]
[rimeco.com/wp-content/plugins/revslider/public/assets/assets/gridtile_3x3_white.png]
[rimeco.com/wp-content/plugins/revslider/public/assets/assets/coloredbg.png]
[rimeco.com/wp-content/plugins/revslider/public/assets/assets/loader.gif]
[rimeco.com/wp-content/cache/min/1/wp-content/plugins/revslider/public/assets/css/settings-fb4e6d1fcabe2c1fcae8153c704593d3.css]
[rimeco.com/wp-content/cache/busting/1/wp-content/plugins/google-analytics-for-wordpress/assets/css/frontend.min-7.14.0.css]
[rimeco.com/wp-content/themes/salient/css/fonts/fontawesome-webfont3ea6.eot]
[rimeco.com/wp-content/themes/salient/css/fonts/fontawesome-webfontd41d.eot]
[rimeco.com/wp-content/themes/salient/css/fonts/fontawesome-webfont.svg]
[rimeco.com/wp-content/themes/salient/css/fonts/fontawesome-webfont3ea6.woff]
[rimeco.com/wp-content/cache/busting/1/wp-content/themes/salient/css/font-awesome.min-4.6.3.css]
[rimeco.com/wp-content/themes/salient/css/fonts/fontawesome-webfont3ea6.ttf]
[rimeco.com/wp-content/themes/salient/css/fonts/OpenSans-Light-webfont.eot]
[rimeco.com/wp-content/themes/salient/css/fonts/OpenSans-Light-webfontd41d.eot]
[rimeco.com/wp-content/themes/salient/css/fonts/OpenSans-Light-webfont.woff]
[rimeco.com/wp-content/themes/salient/css/fonts/OpenSans-Light-webfont.ttf]
[rimeco.com/wp-content/themes/salient/css/fonts/OpenSans-Light-webfont.svg]
[rimeco.com/wp-content/themes/salient/css/fonts/OpenSans-Regular-webfont.eot]
[rimeco.com/wp-content/themes/salient/css/fonts/OpenSans-Regular-webfontd41d.eot]
[rimeco.com/wp-content/themes/salient/css/fonts/OpenSans-Regular-webfont.woff]
[rimeco.com/wp-content/themes/salient/css/fonts/OpenSans-Regular-webfont.ttf]
[rimeco.com/wp-content/themes/salient/css/fonts/OpenSans-Regular-webfont.svg]
[rimeco.com/wp-content/themes/salient/css/fonts/OpenSans-Semibold-webfont.eot]
[rimeco.com/wp-content/themes/salient/css/fonts/OpenSans-Semibold-webfontd41d.eot]
[rimeco.com/wp-content/themes/salient/css/fonts/OpenSans-Semibold-webfont.woff]
[rimeco.com/wp-content/themes/salient/css/fonts/OpenSans-Semibold-webfont.ttf]
[rimeco.com/wp-content/themes/salient/css/fonts/OpenSans-Semibold-webfont.svg]
[rimeco.com/wp-content/themes/salient/css/fonts/OpenSansBold-webfont.eot]
[rimeco.com/wp-content/themes/salient/css/fonts/OpenSansBold-webfontd41d.eot]
[rimeco.com/wp-content/themes/salient/css/fonts/OpenSansBold-webfont.woff]
[rimeco.com/wp-content/themes/salient/css/fonts/OpenSansBold-webfont.ttf]
[rimeco.com/wp-content/themes/salient/css/fonts/OpenSansBold-webfont.svg]
[rimeco.com/wp-content/themes/salient/img/icons/loading-white-bg.gif]
[rimeco.com/wp-content/themes/salient/img/icons/social/vimeo-header-black.png]
[rimeco.com/wp-content/themes/salient/img/icons/social/behance-header-black.png]
[rimeco.com/wp-content/themes/salient/img/icons/mag-glass-mobile.png]
[rimeco.com/wp-content/themes/salient/img/icons/mag-glass-mobile@2x.png]
[rimeco.com/wp-content/themes/salient/img/textures/diagonal_line.png]
[rimeco.com/wp-content/themes/salient/img/icons/slider-arrows-small.png]
[rimeco.com/wp-content/themes/salient/img/icons/jplayer.png]
[rimeco.com/wp-content/themes/salient/img/transparent.png]
[rimeco.com/wp-content/themes/salient/img/icons/quote.png]
[rimeco.com/wp-content/themes/salient/img/icons/link.png]
[rimeco.com/wp-content/themes/salient/img/icons/status.png]
[rimeco.com/wp-content/themes/salient/img/icons/aside.png]
[rimeco.com/wp-content/themes/salient/img/icons/quote@2x.png]
[rimeco.com/wp-content/themes/salient/img/icons/link@2x.png]
[rimeco.com/wp-content/themes/salient/img/icons/status@2x.png]
[rimeco.com/wp-content/themes/salient/img/icons/aside@2x.png]
[rimeco.com/wp-content/themes/salient/img/icons/portfolio-arrows.png]
[rimeco.com/wp-content/themes/salient/img/icons/portfolio-arrows@2x.png]
[rimeco.com/wp-content/themes/salient/img/icons/comment-children-line.jpg]
[rimeco.com/wp-content/themes/salient/css/fonts/icomoon.eot]
[rimeco.com/wp-content/themes/salient/css/fonts/icomoond41d.eot]
[rimeco.com/wp-content/themes/salient/css/fonts/icomoon.woff]
[rimeco.com/wp-content/themes/salient/css/fonts/icomoon.ttf]
[rimeco.com/wp-content/themes/salient/css/fonts/icomoon.svg]
[rimeco.com/wp-content/themes/salient/css/fonts/linecons.eot]
[rimeco.com/wp-content/themes/salient/css/fonts/lineconsd41d.eot]
[rimeco.com/wp-content/themes/salient/css/fonts/linecons.ttf]
[rimeco.com/wp-content/themes/salient/css/fonts/linecons.woff]
[rimeco.com/wp-content/themes/salient/css/fonts/linecons.svg]
[rimeco.com/wp-content/themes/salient/css/fonts/steadysets.eot]
[rimeco.com/wp-content/themes/salient/css/fonts/steadysetsd41d.eot]
[rimeco.com/wp-content/themes/salient/css/fonts/steadysets.ttf]
[rimeco.com/wp-content/themes/salient/css/fonts/steadysets.woff]
[rimeco.com/wp-content/cache/min/1/wp-content/themes/salient/style-f202a5c2ae19a0894a422ecb4c7fd6ef.css]
[rimeco.com/wp-content/themes/salient/css/fonts/steadysets.svg]
[rimeco.com/wp-content/cache/min/1/wp-content/themes/salient/css/rgs-2b3218fd2227b7698ec04deccd11814d.css]
[rimeco.com/wp-content/uploads/2018/06/chevron_white-left.png]
[rimeco.com/wp-content/cache/min/1/wp-content/themes/salient-child/style-c4d5934c0e76d83bc5a7bcaeb884d1dd.css]
[rimeco.com/wp-content/cache/min/1/wp-content/themes/salient/css/magnific-60d91aced9f51e2bfd58530b9b7462fb.css]
[rimeco.com/wp-content/cache/min/1/wp-content/themes/salient/css/responsive-7ecf3b0b215989bfce84513fe07cf44a.css]
[rimeco.com/wp-content/plugins/js_composer_salient/assets/vc/alert.png]
[rimeco.com/wp-content/plugins/js_composer_salient/assets/vc/info.png]
[rimeco.com/wp-content/plugins/js_composer_salient/assets/vc/tick.png]
[rimeco.com/wp-content/plugins/js_composer_salient/assets/vc/exclamation.png]
[rimeco.com/wp-content/plugins/js_composer_salient/assets/images/icons/address-book.png]
[rimeco.com/wp-content/plugins/js_composer_salient/assets/images/icons/alarm-clock.png]
[rimeco.com/wp-content/plugins/js_composer_salient/assets/images/icons/anchor.png]
[rimeco.com/wp-content/plugins/js_composer_salient/assets/images/icons/application-image.png]
[rimeco.com/wp-content/plugins/js_composer_salient/assets/images/icons/arrow.png]
[rimeco.com/wp-content/plugins/js_composer_salient/assets/images/icons/asterisk.png]
[rimeco.com/wp-content/plugins/js_composer_salient/assets/images/icons/auction-hammer.png]
[rimeco.com/wp-content/plugins/js_composer_salient/assets/images/icons/balloon.png]
[rimeco.com/wp-content/plugins/js_composer_salient/assets/images/icons/balloon-buzz.png]
[rimeco.com/wp-content/plugins/js_composer_salient/assets/images/icons/balloon-facebook.png]
[rimeco.com/wp-content/plugins/js_composer_salient/assets/images/icons/balloon-twitter.png]
[rimeco.com/wp-content/plugins/js_composer_salient/assets/images/icons/battery-full.png]
[rimeco.com/wp-content/plugins/js_composer_salient/assets/images/icons/binocular.png]
[rimeco.com/wp-content/plugins/js_composer_salient/assets/images/icons/blue-document-excel.png]
[rimeco.com/wp-content/plugins/js_composer_salient/assets/images/icons/blue-document-image.png]
[rimeco.com/wp-content/plugins/js_composer_salient/assets/images/icons/blue-document-music.png]
[rimeco.com/wp-content/plugins/js_composer_salient/assets/images/icons/blue-document-office.png]
[rimeco.com/wp-content/plugins/js_composer_salient/assets/images/icons/blue-document-pdf.png]
[rimeco.com/wp-content/plugins/js_composer_salient/assets/images/icons/blue-document-powerpoint.png]
[rimeco.com/wp-content/plugins/js_composer_salient/assets/images/icons/blue-document-word.png]
[rimeco.com/wp-content/plugins/js_composer_salient/assets/images/icons/bookmark.png]
[rimeco.com/wp-content/plugins/js_composer_salient/assets/images/icons/camcorder.png]
[rimeco.com/wp-content/plugins/js_composer_salient/assets/images/icons/camera.png]
[rimeco.com/wp-content/plugins/js_composer_salient/assets/images/icons/chart.png]
[rimeco.com/wp-content/plugins/js_composer_salient/assets/images/icons/chart-pie.png]
[rimeco.com/wp-content/plugins/js_composer_salient/assets/images/icons/clock.png]
[rimeco.com/wp-content/plugins/js_composer_salient/assets/images/icons/control.png]
[rimeco.com/wp-content/plugins/js_composer_salient/assets/images/icons/fire.png]
[rimeco.com/wp-content/plugins/js_composer_salient/assets/images/icons/heart.png]
[rimeco.com/wp-content/plugins/js_composer_salient/assets/images/icons/mail.png]
[rimeco.com/wp-content/plugins/js_composer_salient/assets/images/icons/plus-shield.png]
[rimeco.com/wp-content/plugins/js_composer_salient/assets/images/icons/video.png]
[rimeco.com/wp-content/plugins/js_composer_salient/assets/fonts/vc_icons/fonts/VC-Icons8309.ttf]
[rimeco.com/wp-content/plugins/js_composer_salient/assets/fonts/vc_icons/fonts/VC-Icons8309.woff]
[rimeco.com/wp-content/plugins/js_composer_salient/assets/fonts/vc_icons/fonts/VC-Icons8309.svg]
[rimeco.com/wp-content/plugins/js_composer_salient/assets/images/toggle_open.png]
[rimeco.com/wp-content/plugins/js_composer_salient/assets/images/toggle_close.png]
[rimeco.com/wp-content/plugins/js_composer_salient/assets/images/flickr.png]
[rimeco.com/wp-content/plugins/js_composer_salient/assets/fonts/vc_grid/vc_grid_v157a1.eot]
[rimeco.com/wp-content/plugins/js_composer_salient/assets/fonts/vc_grid/vc_grid_v1d41d.eot]
[rimeco.com/wp-content/plugins/js_composer_salient/assets/fonts/vc_grid/vc_grid_v157a1.woff]
[rimeco.com/wp-content/plugins/js_composer_salient/assets/fonts/vc_grid/vc_grid_v157a1.ttf]
[rimeco.com/wp-content/plugins/js_composer_salient/assets/fonts/vc_grid/vc_grid_v157a1.svg]
[rimeco.com/wp-content/plugins/js_composer_salient/assets/images/spinner.gif]
[rimeco.com/wp-content/plugins/js_composer_salient/assets/vc/remove.png]
[rimeco.com/wp-content/cache/busting/1/wp-content/plugins/js_composer_salient/assets/css/js_composer.min-5.2.4.css]
[rimeco.com/wp-content/cache/busting/1/wp-content/plugins/gravityforms/css/formreset.min-2.4.10.1.css]
[rimeco.com/wp-content/plugins/gravityforms/images/gf-creditcard-icons.png]
[rimeco.com/wp-content/plugins/gravityforms/css/chosen-sprite.png]
[rimeco.com/wp-content/plugins/gravityforms/css/chosen-sprite@2x.png]
[rimeco.com/wp-content/cache/busting/1/wp-content/plugins/gravityforms/css/formsmain.min-2.4.10.1.css]
[rimeco.com/wp-content/cache/busting/1/wp-content/plugins/gravityforms/css/readyclass.min-2.4.10.1.css]
[rimeco.com/wp-content/cache/busting/1/wp-content/plugins/gravityforms/css/browsers.min-2.4.10.1.css]
[rimeco.com/wp-content/cache/busting/1/wp-content/plugins/popup-maker/assets/css/pum-site.min-1.14.0.css]
[rimeco.com/wp-content/uploads/fbrfg/site.html]
[rimeco.com/wp-content/uploads/fbrfg/safari-pinned-tab.svg]
[rimeco.com/wp-content/uploads/2018/10/rimeco_logo.svg]
[rimeco.com/about-us/linkid.js]
[rimeco.com/wp-json/wp/v2/pages/2699.json]
[rimeco.com/wp-content/uploads/2018/08/AboutUs_Hero_hus.jpg]
[rimeco.com/wp-content/uploads/2018/09/About-us_090818-Rimeco-0188.jpg]
[rimeco.com/wp-content/uploads/image00062_cropped2.jpg]
[rimeco.com/wp-content/uploads/2018/08/AboutUs_History_Kvadrat_B11949.png]
[rimeco.com/wp-content/uploads/BIR_long_EN_RGB.svg]
[rimeco.com/wp-content/uploads/Genvindingsindustrien-1.png]
[rimeco.com/wp-content/uploads/DanskeShippingOgHavnevirksomheder-1.png]
[rimeco.com/wp-content/uploads/Portofzealand_logo1.png]
[rimeco.com/wp-content/uploads/bdsv-Logo-300x75-1.png]
[rimeco.com/wp-content/uploads/svenskajern.svg]
[rimeco.com/wp-content/uploads/CERTIFIKAT-right.jpg]
[rimeco.com/wp-content/uploads/2019-ISO-9001_2015-DK.pdf]
[rimeco.com/wp-content/uploads/Brovægt-600x403.jpg]
[rimeco.com/wp-content/uploads/SorteringsanlægiKolding-600x403.jpg]
[rimeco.com/wp-content/uploads/StortSkib-600x403.jpg]
[rimeco.com/jobs.html]
[rimeco.com/2020/09/14/expanding-in-aabenraa/index.html]
[rimeco.com/about-us/AboutUs_Hero_hus.jpg]
[rimeco.com/2020/09/14/lowering-our-impact/index.html]
[rimeco.com/2020/09/14/shipping-handy-sized-freighters/index.html]
[rimeco.com/about-us/AboutUs_Hero_hus-1.png]
[rimeco.com/about-us/index.html]
[rimeco.com/about-us/sales-conditions/linkid.js]
[rimeco.com/wp-json/wp/v2/pages/2647.json]
[rimeco.com/wp-content/uploads/2018/08/Forside_Hero_02_0841.jpg]
[rimeco.com/about-us/sales-conditions/index.html]
[rimeco.com/about-us/purchase-conditions/linkid.js]
[rimeco.com/wp-json/wp/v2/pages/2650.json]
[rimeco.com/about-us/purchase-conditions/index.html]
[rimeco.com/services/linkid.js]
[rimeco.com/wp-json/wp/v2/pages/2592.json]
[rimeco.com/wp-content/uploads/2018/10/71H_0798_new_service_hero.jpg]
[rimeco.com/wp-content/uploads/2018/08/Service_Kvadrat_0673.jpg]
[rimeco.com/wp-content/uploads/IMG_6889.jpg]
[rimeco.com/wp-content/uploads/2018/10/louviere7_big.jpg]
[rimeco.com/wp-content/uploads/2018/10/1223642_1280_768_0_40_1200_720_2.jpg]
[rimeco.com/wp-content/uploads/IMG_6874.jpg]
[rimeco.com/services/index.html]
[rimeco.com/products/index1928.html]
[rimeco.com/products/indexb996.html]
[rimeco.com/recycle-with-us/linkid.js]
[rimeco.com/wp-json/wp/v2/pages/2457.json]
[rimeco.com/wp-content/uploads/2018/08/Recycle_Hero_01_0710.jpg]
[rimeco.com/wp-content/uploads/2018/08/Recycle_Kvadrat_0142.jpg]
[rimeco.com/recycle-with-us/index.html]
[rimeco.com/recycle-with-us/steel-scrap/linkid.js]
[rimeco.com/wp-json/wp/v2/pages/2468.json]
[rimeco.com/wp-content/uploads/2018/08/Recycle_SteelScrap_Hero_0149.jpg]
[rimeco.com/wp-content/uploads/2018/10/26913_Rimeco_Steel-Scrap_A5.pdf]
[rimeco.com/wp-content/uploads/2018/08/Products_Hero_0981.png]
[rimeco.com/wp-content/uploads/Esbjerg-Havn-478x403.jpg]
[rimeco.com/recycle-with-us/steel-scrap/index.html]
[rimeco.com/2020/09/14/turning-offshore-wind-turbine-towers-into-fresh-steel/index.html]
[rimeco.com/category/products-steel-scrap/index.html]
[rimeco.com/recycle-with-us/metals-alloys/linkid.js]
[rimeco.com/category/recycle-with-us-steel-scrap/index.html]
[rimeco.com/wp-json/wp/v2/pages/2478.json]
[rimeco.com/wp-content/uploads/2018/08/Recycle_MetalsAlloys_Hero_0256.jpg]
[rimeco.com/wp-content/uploads/2018/10/26913_Rimeco_Non-ferrous_A5.pdf]
[rimeco.com/wp-content/uploads/IMG_6300.jpg]
[rimeco.com/recycle-with-us/metals-alloys/index.html]
[rimeco.com/recycle-with-us/demolition/linkid.js]
[rimeco.com/wp-json/wp/v2/pages/2487.json]
[rimeco.com/wp-content/uploads/2018/08/Recycle_Demolition_Hero_0659.jpg]
[rimeco.com/wp-content/uploads/4ebafd1b-81ee-4116-97b9-aa7b77b3582826537.jpg]
[rimeco.com/wp-content/uploads/Demolition-of-the-Denox-building-600x403.png]
[rimeco.com/wp-content/uploads/Sprængning-Denox-Vest-595x403.jpg]
[rimeco.com/wp-content/uploads/Vindmølletårn-1-600x403.jpg]
[rimeco.com/2020/02/26/we-just-pulled-its-legs/index.html]
[rimeco.com/wp-content/uploads/IMG_3773-600x403.jpg]
[rimeco.com/2019/12/20/the-final-blast-in-2019/index.html]
[rimeco.com/wp-content/uploads/IMG_3802-1-600x403.jpg]
[rimeco.com/recycle-with-us/demolition/index.html]
[rimeco.com/2019/11/22/1603/index.html]
[rimeco.com/recycle-with-us/steel-products/linkid.js]
[rimeco.com/2019/08/20/how-to-recycle-a-power-plant/index.html]
[rimeco.com/2019/05/24/demolition-of-the-boiler-house-at-enstedvaerket/index.html]
[rimeco.com/wp-json/wp/v2/pages/2500.json]
[rimeco.com/wp-content/uploads/2018/08/Recycle_SteelProducts_Hero_0039.jpg]
[rimeco.com/wp-content/uploads/image-1.jpg]
[rimeco.com/recycle-with-us/steel-products/index.html]
[rimeco.com/recycle-with-us/granulation/linkid.js]
[rimeco.com/wp-json/wp/v2/pages/2508.json]
[rimeco.com/wp-content/uploads/2018/08/Recycle_Granulation_Hero_0291.jpg]
[rimeco.com/wp-content/uploads/IMG_688026451.jpg]
[rimeco.com/wp-content/uploads/Granulation-plant-600x403.jpg]
[rimeco.com/wp-content/uploads/Pure-copper-600x403.png]
[rimeco.com/recycle-with-us/granulation/index.html]
[rimeco.com/2021/03/29/working-5-to-22/index.html]
[rimeco.com/recycle-with-us/residues-recycling/linkid.js]
[rimeco.com/category/products-granulation-products/index.html]
[rimeco.com/category/recycle-with-us-granulation/index.html]
[rimeco.com/2019/12/20/995-percent-pure-recycled-metals/index.html]
[rimeco.com/wp-json/wp/v2/pages/2521.json]
[rimeco.com/wp-content/uploads/image4.jpg]
[rimeco.com/recycle-with-us/residues-recycling/index.html]
[rimeco.com/recycle-with-us/weee-recycling/linkid.js]
[rimeco.com/wp-json/wp/v2/pages/2512.json]
[rimeco.com/wp-content/uploads/2018/08/Recycle_WEEERecycling_Hero_0335.jpg]
[rimeco.com/wp-content/uploads/image2.jpg]
[rimeco.com/recycle-with-us/weee-recycling/index.html]
[rimeco.com/recycle-with-us/data-destruction/linkid.js]
[rimeco.com/wp-json/wp/v2/pages/2523.json]
[rimeco.com/wp-content/uploads/2018/08/Recycle_ResiduesRecycling_Hero_0215.jpg]
[rimeco.com/wp-content/uploads/image007.jpg]
[rimeco.com/recycle-with-us/data-destruction/index.html]
[rimeco.com/products/linkid.js]
[rimeco.com/wp-json/wp/v2/pages/2351.json]
[rimeco.com/wp-content/uploads/2018/08/Products_Hero_0981.jpg]
[rimeco.com/products/Products_Hero_0981.jpg]
[rimeco.com/index74d1.html]
[rimeco.com/products/Products_Hero_0981.png]
[rimeco.com/products/Products_SteelScrap_Hero_DDQBalers.jpg]
[rimeco.com/products/Products_SteelScrap_Hero_DDQBalers.png]
[rimeco.com/products/Products_MetalsAlloys_Hero_0256.jpg]
[rimeco.com/products/Products MetalsAlloys Hero 0256.jpg]
[rimeco.com/products/Products_MetalsAlloys_Hero_0256.jpg.png]
[rimeco.com/products/Products_SteelProducts_Hero_0076.jpg]
[rimeco.com/products/Products_SteelProducts_Hero_0076.png]
[rimeco.com/products/Products_Granulation_Hero_0335.jpg]
[rimeco.com/products/Products_Granulation_Hero_0335.png]
[rimeco.com/products/Products_UsedEquipment_Hero_0387.jpg]
[rimeco.com/products/Products_UsedEquipment_Hero_0387.png]
[rimeco.com/products/index.html]
[rimeco.com/products/steel-scrap/linkid.js]
[rimeco.com/wp-json/wp/v2/pages/2358]
[rimeco.com/wp-content/uploads/2018/08/Products_SteelScrap_Hero_DDQBalers.jpg]
[rimeco.com/wp-content/uploads/20200803_082548.jpg]
[rimeco.com/products/steel-scrap/index.html]
[rimeco.com/indexbeb4.html]
[rimeco.com/products/metals-alloys/linkid.js]
[rimeco.com/wp-json/wp/v2/pages/2362]
[rimeco.com/wp-content/uploads/image5.jpg]
[rimeco.com/products/metals-alloys/index.html]
[rimeco.com/indexfa5a.html]
[rimeco.com/products/steel-products/linkid.js]
[rimeco.com/wp-json/wp/v2/pages/2360]
[rimeco.com/wp-content/uploads/2018/08/Products_SteelProducts_Hero_0076.jpg]
[rimeco.com/wp-content/uploads/2018/10/P3121135.jpg]
[rimeco.com/products/steel-products/index.html]
[rimeco.com/index9252.html]
[rimeco.com/products/granulation-products/linkid.js]
[rimeco.com/wp-json/wp/v2/pages/2365]
[rimeco.com/wp-content/uploads/2018/08/Products_Granulation_Hero_0335.jpg]
[rimeco.com/wp-content/uploads/8d6246fb-1bf1-4bd0-872b-35451d11136b-e1621495660915.jpg]
[rimeco.com/indexd7ab.html]
[rimeco.com/wp-content/uploads/Al-Granulat-3_cropped.jpg]
[rimeco.com/wp-content/uploads/Light-PlasticWood-Mix.jpg]
[rimeco.com/wp-content/uploads/IMG_4273.jpg]
[rimeco.com/products/granulation-products/Recycle_WEEERecycling_Hero_0335.jpg]
[rimeco.com/products/granulation-products/Products_SteelScrap_Hero_DDQBalers.jpg]
[rimeco.com/products/granulation-products/Products_SteelScrap_Hero_DDQBalers.png]
[rimeco.com/products/granulation-products/Products_MetalsAlloys_Hero_0256.jpg]
[rimeco.com/products/granulation-products/Products MetalsAlloys Hero 0256.jpg]
[rimeco.com/products/granulation-products/Products_MetalsAlloys_Hero_0256.jpg.png]
[rimeco.com/products/granulation-products/Products_SteelProducts_Hero_0076.jpg]
[rimeco.com/products/granulation-products/Products_SteelProducts_Hero_0076.png]
[rimeco.com/products/granulation-products/Products_Granulation_Hero_0335.jpg]
[rimeco.com/products/granulation-products/Products_Granulation_Hero_0335.png]
[rimeco.com/products/granulation-products/Products_UsedEquipment_Hero_0387.jpg]
[rimeco.com/products/granulation-products/Products_UsedEquipment_Hero_0387.png]
[rimeco.com/products/granulation-products/index.html]
[rimeco.com/products/used-equipment/linkid.js]
[rimeco.com/wp-json/wp/v2/pages/2367]
[rimeco.com/wp-content/uploads/2018/08/Products_UsedEquipment_Hero_0387.jpg]
[rimeco.com/products/used-equipment/index.html]
[rimeco.com/indexc517.html]
[rimeco.com/news/linkid.js]
[rimeco.com/wp-json/wp/v2/pages/19]
[rimeco.com/wp-content/uploads/2018/08/News_Hero_Ur.jpg]
[rimeco.com/wp-content/uploads/Foto1-600x403.jpg]
[rimeco.com/wp-content/uploads/Foto2-600x403.jpg]
[rimeco.com/wp-content/uploads/Foto3-600x403.jpg]
[rimeco.com/wp-content/uploads/Rimeco-aaret3-600x403.jpg]
[rimeco.com/index5831.html]
[rimeco.com/wp-content/uploads/Stignæs-drone-billed1-600x403.jpg]
[rimeco.com/wp-content/uploads/Gazelle-600x403.jpg]
[rimeco.com/2020/04/16/we-are-fully-operational/index.html]
[rimeco.com/wp-content/uploads/Rimeco-Gazelle-600x403.jpg]
[rimeco.com/category/ikke-kategoriseret/index.html]
[rimeco.com/wp-content/uploads/Børsen-Gazelle2-600x345.jpg]
[rimeco.com/wp-content/uploads/UN-Sustainable-development-600x403.png]
[rimeco.com/2020/04/16/thank-you/index.html]
[rimeco.com/2020/04/16/hand-sanitiser-and-shift-working/index.html]
[rimeco.com/wp-content/uploads/IMG_3044-600x403.jpg]
[rimeco.com/2019/12/27/another-year-almost-over/index.html]
[rimeco.com/2019/12/20/new-industrial-harbour/index.html]
[rimeco.com/2019/12/20/rimeco-receives-prestigious-award/index.html]
[rimeco.com/wp-content/uploads/we-recycle-thumbnail-600x403.jpg]
[rimeco.com/2019/11/22/karet-som-borsen-gazelle/index.html]
[rimeco.com/2019/10/02/borsen-gazelle-2019/index.html]
[rimeco.com/wp-content/uploads/rimeco-video-thumbnail-600x403.jpg]
[rimeco.com/2019/08/20/rimeco-acquires-second-power-plant/index.html]
[rimeco.com/wp-content/uploads/2018/10/71H_0798_new_service_hero-600x403.jpg]
[rimeco.com/wp-content/uploads/2018/08/Recycle_Kvadrat_0142-600x403.jpg]
[rimeco.com/2019/08/20/sustainable-development/index.html]
[rimeco.com/wp-content/uploads/2018/08/Recycle_WEEERecycling_Hero_0335-600x403.jpg]
[rimeco.com/wp-content/uploads/2018/10/1223914_1280_12800_0_24_1200_750_2-600x403.jpg]
[rimeco.com/wp-content/uploads/2017/06/News_ENV3-600x403.jpg]
[rimeco.com/2019/05/28/newsortinglinewithshredderfacilityinaabenraa/index.html]
[rimeco.com/news/News_Hero_Ur.jpg]
[rimeco.com/2019/05/09/orsted-saelger-stigsnaesvaerket-og-stigsnaes-transithavn/index.html]
[rimeco.com/news/News_Hero_Ur.png]
[rimeco.com/news/index.html]
[rimeco.com/2019/03/01/we-recycle-for-a-better-environment/index.html]
[rimeco.com/2019/01/10/in-the-recycling-business-since-1888/index.html]
[rimeco.com/2018/10/29/new-liebherr-material-handlers/index.html]
[rimeco.com/2018/10/26/rimeco-is-widening-its-scrap-yard-in-the-port-of-kolding/index.html]
[rimeco.com/2018/08/31/enters-new-recycling-segment/index.html]
[rimeco.com/jobs/linkid.164.delayed]
[rimeco.com/2017/06/30/rimeco-acquires-env3/index.html]
[rimeco.com/2018/08/22/rimeco-genbruger-og-gor-plads-til-ny-industri/index.html]
[rimeco.com/wp-json/wp/v2/pages/2196]
[rimeco.com/wp-content/uploads/2018/08/Recycle_Hero_01_0710.png]
[rimeco.com/jobs/index.html]
[rimeco.com/index67c0.html]
[rimeco.com/jobs/controller-med-proces-og-produktionserfaring/index.html]
[rimeco.com/jobs/kontorassistent-med-flair-for-logistik/index.html]
[rimeco.com/contact-us/linkid.js]
[rimeco.com/wp-json/wp/v2/pages/2278]
[rimeco.com/wp-content/uploads/2018/08/Contact_Hero.jpg]
[rimeco.com/indexb6be.html]
[rimeco.com/contact-us/index.html]
[rimeco.com/contact-us/employees/linkid.js]
[rimeco.com/wp-json/wp/v2/pages/2273]
[rimeco.com/wp-content/uploads/personale-peter.jpg]
[rimeco.com/wp-content/uploads/personale-bent.jpg]
[rimeco.com/index7fac.html]
[rimeco.com/wp-content/uploads/personale-martin.jpg]
[rimeco.com/wp-content/uploads/personale-bo.jpg]
[rimeco.com/wp-content/uploads/personale-johan-3.jpg]
[rimeco.com/wp-content/uploads/personale-mehduh.jpg]
[rimeco.com/wp-content/uploads/personale-anja.jpg]
[rimeco.com/wp-content/uploads/personale-placeholder.jpg]
[rimeco.com/wp-content/uploads/personale-annedorthe.jpg]
[rimeco.com/wp-content/uploads/personale-beatrice.jpg]
[rimeco.com/wp-content/uploads/personale-filip.jpg]
[rimeco.com/wp-content/uploads/personale-lars.jpg]
[rimeco.com/wp-content/uploads/personale-finn.jpg]
[rimeco.com/wp-content/uploads/personale-Abdulkarim.jpg]
[rimeco.com/wp-content/uploads/personale-anas.jpg]
[rimeco.com/wp-content/uploads/personale-erling2.jpg]
[rimeco.com/wp-content/uploads/personale-kjeld.jpg]
[rimeco.com/wp-content/uploads/personale-rasmus.jpg]
[rimeco.com/wp-content/uploads/personale-mikkel2.jpg]
[rimeco.com/wp-content/uploads/personale-kurt.jpg]
[rimeco.com/wp-content/uploads/personale-kenneth2.jpg]
[rimeco.com/wp-content/uploads/personale-aboud.jpg]
[rimeco.com/wp-content/uploads/personale-jakob.jpg]
[rimeco.com/contact-us/employees/Contact_Hero.jpg]
[rimeco.com/contact-us/employees/Contact_Hero.png]
[rimeco.com/contact-us/employees/index.html]
[rimeco.com/products/granulate-products/index.html]
[rimeco.com/2021/03/29/taking-down-184-meters-of-chimney/linkid.js]
[rimeco.com/wp-content/cache/min/1/wp-content/themes/salient/css/portfolio-a830721aac7502bda95296fd47e59ae0.css]
[rimeco.com/wp-json/wp/v2/posts/2144]
[rimeco.com/wp-content/uploads/Chimney5.jpg]
[rimeco.com/wp-content/uploads/Chimney3-600x400.jpg]
[rimeco.com/indexd2e1.html]
[rimeco.com/wp-content/uploads/Chimney3.jpg]
[rimeco.com/wp-content/uploads/Chimney6-600x400.jpg]
[rimeco.com/wp-content/uploads/Chimney6.jpg]
[rimeco.com/wp-content/uploads/Chimney9-600x400.jpg]
[rimeco.com/wp-content/uploads/Chimney9.jpg]
[rimeco.com/wp-content/uploads/Chimney4-600x400.jpg]
[rimeco.com/wp-content/uploads/Chimney4.jpg]
[rimeco.com/wp-content/uploads/Demolition-of-the-Denox-building.png]
[rimeco.com/wp-content/uploads/Sprængning-Denox-Vest.jpg]
[rimeco.com/wp-content/cache/busting/1/wp-content/themes/salient/js/isotope.min-7.6.js]
[rimeco.com/2021/03/29/taking-down-184-meters-of-chimney/index.html]
[rimeco.com/category/demolition/linkid.js]
[rimeco.com/category/demolition/feed/index.html]
[rimeco.com/wp-content/cache/busting/1/wp-includes/js/mediaelement/mediaelementplayer-legacy.min-4.2.16.css]
[rimeco.com/wp-includes/js/mediaelement/wp-mediaelement.min.css]
[rimeco.com/wp-json/wp/v2/categories/1359]
[rimeco.com/wp-content/uploads/Chimney10.jpg]
[rimeco.com/wp-content/uploads/Demolition-of-the-Denox-building-1024x575.png]
[rimeco.com/wp-content/uploads/Vindmølletårn-1-1024x768.jpg]
[rimeco.com/wp-content/uploads/IMG_3773-1024x649.jpg]
[rimeco.com/wp-content/uploads/IMG_3773.jpg]
[rimeco.com/wp-content/uploads/IMG_3802-1-1024x680.jpg]
[rimeco.com/wp-content/cache/min/1/wp-content/themes/salient/js/infinitescroll-3c5c26da152bacd2561e0963baf82d8c.js]
[rimeco.com/wp-content/cache/busting/1/wp-includes/js/mediaelement/mediaelement-and-player.min-4.2.16.js]
[rimeco.com/wp-includes/js/mediaelement/mediaelement-migrate.min.js]
[rimeco.com/wp-includes/js/mediaelement/wp-mediaelement.min.js]
[rimeco.com/wp-content/cache/busting/1/wp-content/themes/salient/js/flickity.min-1.1.1.js]
[rimeco.com/wp-content/cache/busting/1/wp-content/plugins/js_composer_salient/assets/lib/bower/flexslider/jquery.flexslider-min-5.2.4.js]
[rimeco.com/wp-content/cache/min/1/wp-content/themes/salient/js/stickkit-e05014a755b5395e346d573dabb5347f.js]
[rimeco.com/category/demolition/index.html]
[rimeco.com/2021/03/29/streamlining-in-steel/linkid.js]
[rimeco.com/wp-json/wp/v2/posts/2137]
[rimeco.com/wp-content/uploads/Aabenraa-Havn.jpg]
[rimeco.com/wp-content/uploads/Pre-material.jpg]
[rimeco.com/2021/03/29/streamlining-in-steel/index.html]
[rimeco.com/indexa477.html]
[rimeco.com/category/products-steel-products/linkid.js]
[rimeco.com/category/products-steel-products/feed/index.html]
[rimeco.com/wp-json/wp/v2/categories/1361]
[rimeco.com/wp-content/uploads/Aabenraa-Havn-1024x768.jpg]
[rimeco.com/category/products-steel-products/index.html]
[rimeco.com/2021/03/29/we-now-offer-the-complete-range/linkid.js]
[rimeco.com/wp-json/wp/v2/posts/2133]
[rimeco.com/2021/03/29/we-now-offer-the-complete-range/index.html]
[rimeco.com/index6654.html]
[rimeco.com/category/about-us/linkid.js]
[rimeco.com/category/about-us/feed/index.html]
[rimeco.com/wp-json/wp/v2/categories/1360]
[rimeco.com/wp-content/uploads/Brovægt-1024x743.jpg]
[rimeco.com/wp-content/uploads/Brovægt.jpg]
[rimeco.com/wp-content/uploads/SorteringsanlægiKolding-1024x707.jpg]
[rimeco.com/wp-content/uploads/SorteringsanlægiKolding.jpg]
[rimeco.com/wp-content/uploads/StortSkib-1024x665.jpg]
[rimeco.com/wp-content/uploads/StortSkib.jpg]
[rimeco.com/wp-content/uploads/IMG_3044-1024x768.jpg]
[rimeco.com/wp-content/uploads/IMG_3044.jpg]
[rimeco.com/wp-content/uploads/IMG_3802-1.jpg]
[rimeco.com/category/about-us/index.html]
[rimeco.com/disclaimer/linkid.js]
[rimeco.com/wp-json/wp/v2/pages/566]
[rimeco.com/disclaimer/index.html]
[rimeco.com/_https_/rimeco.com/disclaimer/index.html]
[rimeco.com/wp-content/uploads/2018/08/youtube_ikon.svg]
[rimeco.com/wp-content/uploads/2018/08/linkedin_ikon.svg]
[rimeco.com/index5f97.html]
[rimeco.com/cookies/linkid.js]
[rimeco.com/wp-json/wp/v2/pages/563]
[rimeco.com/cookies/index.html]
[rimeco.com/newsletter-signup/linkid.js]
[rimeco.com/index03c9.html]
[rimeco.com/wp-json/wp/v2/pages/1445]
[rimeco.com/newsletter-signup/index.html]
[rimeco.com/wp-content/cache/min/1/wp-content/themes/salient-child/assets/css/ws-co2-calculator-d7883483f7c3a1d29db390505fb1e0af.css]
[snap.licdn.com/li.lms-analytics/insight.min.js]
[rimeco.com/wp-content/plugins/revslider/public/assets/fonts/revicons/revicons90c6.svg]
[rimeco.com/wp-content/plugins/revslider/public/assets/css/openhand.html]
[rimeco.com/wp-content/plugins/revslider/public/assets/css/closedhand.html]
[rimeco.com/wp-content/themes/salient/css/fonts/fontawesome-webfont.svg]
[rimeco.com/wp-content/themes/salient/css/fonts/OpenSans-Light-webfont.svg]
[rimeco.com/wp-content/themes/salient/css/fonts/OpenSans-Regular-webfont.svg]
[rimeco.com/wp-content/themes/salient/css/fonts/OpenSans-Semibold-webfont.svg]
[rimeco.com/wp-content/themes/salient/css/fonts/OpenSansBold-webfont.svg]
[rimeco.com/wp-content/themes/salient/img/icons/social/vimeo-header-black.html]
[rimeco.com/wp-content/themes/salient/img/icons/social/behance-header-black.html]
[rimeco.com/wp-content/themes/salient/css/fonts/icomoon.svg]
[rimeco.com/wp-content/themes/salient/css/fonts/linecons.svg]
[rimeco.com/wp-content/themes/salient/css/fonts/steadysets.svg]
[rimeco.com/wp-content/plugins/js_composer_salient/assets/fonts/vc_icons/fonts/VC-Icons8309.svg]
[rimeco.com/wp-content/plugins/js_composer_salient/assets/fonts/vc_grid/vc_grid_v157a1.svg]
[rimeco.com/about-us/linkid.html]
[rimeco.com/indexd80c.html]
[rimeco.com/service/index.html]
[rimeco.com/wp-content/uploads/BIR_long_EN_RGB.svg]
[rimeco.com/wp-content/uploads/svenskajern.svg]
[rimeco.com/indexd53a.html]
[rimeco.com/2020/09/14/expanding-in-aabenraa/linkid.1c2.delayed]
[rimeco.com/wp-json/wp/v2/posts/1981]
[rimeco.com/2020/09/14/expanding-in-aabenraa/index.html]
[rimeco.com/index6f73.html]
[rimeco.com/2020/09/14/lowering-our-impact/linkid.1c4.delayed]
[rimeco.com/wp-json/wp/v2/posts/1976]
[rimeco.com/2020/09/14/lowering-our-impact/index.html]
[rimeco.com/2020/09/14/shipping-handy-sized-freighters/linkid.js]
[rimeco.com/index3f11.html]
[rimeco.com/wp-json/wp/v2/posts/1972]
[rimeco.com/2020/09/14/shipping-handy-sized-freighters/index.html]
[rimeco.com/jobs.html]
[rimeco.com/about-us/AboutUs_Hero_hus.html]
[rimeco.com/about-us/AboutUs_Hero_hus-1.html]
[rimeco.com/about-us/sales-conditions/linkid.html]
[rimeco.com/index39b6.html]
[rimeco.com/about-us/purchase-conditions/linkid.html]
[rimeco.com/index83ea.html]
[rimeco.com/services/linkid.html]
[rimeco.com/indexe1f1.html]
[rimeco.com/services/contact-us/index.html]
[rimeco.com/indexb6a6.html]
[rimeco.com/wp-includes/css/dist/block-library/style.min76f3.css]
[rimeco.com/wp-content/plugins/cookie-notice/css/front.min76f3.css]
[rimeco.com/wp-content/plugins/page-list/css/page-list5fba.css]
[rimeco.com/wp-content/plugins/revslider/public/assets/css/settingsf1f1.css]
[rimeco.com/wp-content/plugins/google-analytics-for-wordpress/assets/css/frontend.min00ee.css]
[rimeco.com/wp-content/themes/salient/css/font-awesome.min4698.css]
[rimeco.com/wp-content/themes/salient/css/rgs9749.css]
[rimeco.com/wp-content/themes/salient/style76f3.css]
[rimeco.com/wp-content/themes/salient-child/style2ff6.css]
[rimeco.com/wp-content/themes/salient/css/magnificae48.css]
[rimeco.com/wp-content/themes/salient/css/responsive2ff6.css]
[rimeco.com/wp-content/plugins/js_composer_salient/assets/css/js_composer.min4d2c.css]
[rimeco.com/wp-content/plugins/gravityforms/css/formreset.min6d87.css]
[rimeco.com/wp-content/plugins/gravityforms/css/formsmain.min6d87.css]
[rimeco.com/wp-content/plugins/gravityforms/css/readyclass.min6d87.css]
[rimeco.com/wp-content/plugins/gravityforms/css/browsers.min6d87.css]
[rimeco.com/wp-content/plugins/popup-maker/assets/css/pum-site.mine57b.css]
[rimeco.com/wp-includes/js/jquery/jquery.min9d52.js]
[rimeco.com/wp-includes/js/jquery/jquery-migrate.mind617.js]
[rimeco.com/wp-content/plugins/google-analytics-for-wordpress/assets/js/frontend.min00ee.js]
[rimeco.com/wp-content/plugins/revslider/public/assets/js/jquery.themepunch.tools.minf1f1.js]
[rimeco.com/wp-content/plugins/revslider/public/assets/js/jquery.themepunch.revolution.minf1f1.js]
[rimeco.com/wp-content/themes/salient/js/modernizr61da.js]
[rimeco.com/wp-content/plugins/gravityforms/js/jquery.json.min6d87.js]
[rimeco.com/wp-content/plugins/gravityforms/js/gravityforms.min6d87.js]
[rimeco.com/wp-content/plugins/gravityforms/js/placeholders.jquery.min6d87.js]
[rimeco.com/wp-includes/js/jquery/ui/core.min35d0.js]
[rimeco.com/wp-includes/js/jquery/ui/menu.min35d0.js]
[rimeco.com/wp-includes/js/dist/vendor/wp-polyfill.min89b1.js]
[rimeco.com/wp-includes/js/dist/vendor/wp-polyfill-fetch.min6e0e.js]
[rimeco.com/wp-includes/js/dist/vendor/wp-polyfill-node-contains.min2e00.js]
[rimeco.com/wp-includes/js/dist/vendor/wp-polyfill-dom-rect.min2e00.js]
[rimeco.com/wp-includes/js/dist/vendor/wp-polyfill-url.min5aed.js]
[rimeco.com/wp-includes/js/dist/vendor/wp-polyfill-formdata.mine9bd.js]
[rimeco.com/wp-includes/js/dist/vendor/wp-polyfill-element-closest.min4c56.js]
[rimeco.com/wp-includes/js/dist/vendor/wp-polyfill-object-fit.min531b.js]
[rimeco.com/wp-includes/js/dist/dom-ready.mine02e.js]
[rimeco.com/wp-includes/js/dist/hooks.minc5c2.js]
[rimeco.com/wp-includes/js/dist/i18n.min802d.js]
[rimeco.com/wp-includes/js/dist/a11y.minacbb.js]
[rimeco.com/wp-includes/js/jquery/ui/autocomplete.min35d0.js]
[rimeco.com/wp-content/themes/salient/nectar/assets/functions/ajax-search/wpss-search-suggest.js]
[rimeco.com/wp-content/plugins/cookie-notice/js/front.min9e1e.js]
[rimeco.com/wp-content/themes/salient-child/js/isInViewport5152.js]
[rimeco.com/wp-content/themes/salient/js/magnificf0a0.js]
[rimeco.com/wp-content/themes/salient/js/superfishb493.js]
[rimeco.com/wp-content/themes/salient/js/init8833.js]
[rimeco.com/wp-content/themes/salient/js/touchswipe.min5152.js]
[rimeco.com/wp-content/plugins/js_composer_salient/assets/js/dist/js_composer_front.min4d2c.js]
[rimeco.com/products/index1928.html]
[rimeco.com/products/indexb996.html]
[rimeco.com/contact/index.html]
[rimeco.com/recycle-with-us/linkid.html]
[rimeco.com/indexf674.html]
[rimeco.com/recycle-with-us/steel-scrap/linkid.html]
[rimeco.com/index1877.html]
[rimeco.com/2020/09/14/turning-offshore-wind-turbine-towers-into-fresh-steel/linkid.js]
[rimeco.com/wp-json/wp/v2/posts/1985]
[rimeco.com/wp-content/uploads/Esbjerg-Havn.jpg]
[rimeco.com/2020/09/14/turning-offshore-wind-turbine-towers-into-fresh-steel/index.html]
[rimeco.com/index46ab.html]
[rimeco.com/category/products-steel-scrap/linkid.js]
[rimeco.com/category/products-steel-scrap/feed/index.html]
[rimeco.com/wp-json/wp/v2/categories/1364]
[rimeco.com/category/products-steel-scrap/index.html]
[rimeco.com/category/recycle-with-us-steel-scrap/linkid.js]
[rimeco.com/category/recycle-with-us-steel-scrap/feed/index.html]
[rimeco.com/wp-json/wp/v2/categories/1365]
[rimeco.com/category/recycle-with-us-steel-scrap/index.html]
[rimeco.com/recycle-with-us/metals-alloys/linkid.html]
[rimeco.com/indexbcfa.html]
[rimeco.com/recycle-with-us/demolition/linkid.html]
[rimeco.com/index9678.html]
[rimeco.com/2020/02/26/we-just-pulled-its-legs/linkid.js]
[rimeco.com/wp-json/wp/v2/posts/1785]
[rimeco.com/2020/02/26/we-just-pulled-its-legs/index.html]
[rimeco.com/2019/12/20/the-final-blast-in-2019/linkid.js]
[rimeco.com/index7128.html]
[rimeco.com/wp-json/wp/v2/posts/1657]
[rimeco.com/2019/12/20/the-final-blast-in-2019/index.html]
[rimeco.com/indexcf56.html]
[rimeco.com/2019/11/22/1603/linkid.js]
[rimeco.com/wp-json/wp/v2/posts/1603]
[rimeco.com/2019/11/22/1603/index.html]
[rimeco.com/index630b.html]
[rimeco.com/2019/08/20/how-to-recycle-a-power-plant/linkid.js]
[rimeco.com/wp-json/wp/v2/posts/1503]
[rimeco.com/2019/08/20/how-to-recycle-a-power-plant/index.html]
[rimeco.com/index1a9a.html]
[rimeco.com/2019/05/24/demolition-of-the-boiler-house-at-enstedvaerket/linkid.js]
[rimeco.com/wp-json/wp/v2/posts/1399]
[rimeco.com/2019/05/24/demolition-of-the-boiler-house-at-enstedvaerket/index.html]
[rimeco.com/recycle-with-us/steel-products/linkid.html]
[rimeco.com/index118f.html]
[rimeco.com/recycle-with-us/granulation/linkid.html]
[rimeco.com/indexf0ec.html]
[rimeco.com/index80a9.html]
[rimeco.com/2021/03/29/working-5-to-22/linkid.js]
[rimeco.com/wp-json/wp/v2/posts/2127]
[rimeco.com/wp-content/uploads/Granulation-plant.jpg]
[rimeco.com/2021/03/29/working-5-to-22/index.html]
[rimeco.com/index409c.html]
[rimeco.com/category/products-granulation-products/feed/index.html]
[rimeco.com/category/products-granulation-products/linkid.20d.delayed]
[rimeco.com/wp-json/wp/v2/categories/1362]
[rimeco.com/wp-content/uploads/Granulation-plant-1024x628.jpg]
[rimeco.com/wp-content/uploads/Pure-copper.png]
[rimeco.com/category/products-granulation-products/index.html]
[rimeco.com/contact/index4504.html]
[rimeco.com/category/recycle-with-us-granulation/linkid.js]
[rimeco.com/category/recycle-with-us-granulation/feed/index.html]
[rimeco.com/wp-json/wp/v2/categories/1363]
[rimeco.com/category/recycle-with-us-granulation/index.html]
[rimeco.com/2019/12/20/995-percent-pure-recycled-metals/linkid.js]
[rimeco.com/wp-json/wp/v2/posts/1652]
[rimeco.com/2019/12/20/995-percent-pure-recycled-metals/index.html]
[rimeco.com/recycle-with-us/residues-recycling/linkid.html]
[rimeco.com/indexcf3e.html]
[rimeco.com/recycle-with-us/weee-recycling/linkid.html]
[rimeco.com/index30c0.html]
[rimeco.com/recycle-with-us/data-destruction/linkid.html]
[rimeco.com/index8268.html]
[rimeco.com/products/linkid.html]
[rimeco.com/index74d1.html]
[rimeco.com/products/Products_Hero_0981.html]
[rimeco.com/products/Products_Hero_0981-2.html]
[rimeco.com/products/Products_SteelScrap_Hero_DDQBalers.html]
[rimeco.com/products/Products_SteelScrap_Hero_DDQBalers-2.html]
[rimeco.com/products/Products_MetalsAlloys_Hero_0256.html]
[rimeco.com/products/Products MetalsAlloys Hero 0256.html]
[rimeco.com/products/Products_MetalsAlloys_Hero_0256.jpg.html]
[rimeco.com/products/Products_SteelProducts_Hero_0076.html]
[rimeco.com/products/Products_SteelProducts_Hero_0076-2.html]
[rimeco.com/products/Products_Granulation_Hero_0335.html]
[rimeco.com/products/Products_Granulation_Hero_0335-2.html]
[rimeco.com/products/Products_UsedEquipment_Hero_0387.html]
[rimeco.com/products/Products_UsedEquipment_Hero_0387-2.html]
[rimeco.com/products/steel-scrap/linkid.html]
[rimeco.com/wp-json/wp/v2/pages/2358.html]
[rimeco.com/indexbeb4.html]
[rimeco.com/products/metals-alloys/linkid.html]
[rimeco.com/wp-json/wp/v2/pages/2362.html]
[rimeco.com/indexfa5a.html]
[rimeco.com/products/steel-products/linkid.html]
[rimeco.com/wp-json/wp/v2/pages/2360.html]
[rimeco.com/index9252.html]
[rimeco.com/products/granulation-products/linkid.html]
[rimeco.com/wp-json/wp/v2/pages/2365.html]
[rimeco.com/indexd7ab.html]
[rimeco.com/products/granulation-products/Recycle_WEEERecycling_Hero_0335.html]
[rimeco.com/products/granulation-products/Products_SteelScrap_Hero_DDQBalers.html]
[rimeco.com/products/granulation-products/Products_SteelScrap_Hero_DDQBalers-2.html]
[rimeco.com/products/granulation-products/Products_MetalsAlloys_Hero_0256.html]
[rimeco.com/products/granulation-products/Products MetalsAlloys Hero 0256.html]
[rimeco.com/products/granulation-products/Products_MetalsAlloys_Hero_0256.jpg.html]
[rimeco.com/products/granulation-products/Products_SteelProducts_Hero_0076.html]
[rimeco.com/products/granulation-products/Products_SteelProducts_Hero_0076-2.html]
[rimeco.com/products/granulation-products/Products_Granulation_Hero_0335.html]
[rimeco.com/products/granulation-products/Products_Granulation_Hero_0335-2.html]
[rimeco.com/products/granulation-products/Products_UsedEquipment_Hero_0387.html]
[rimeco.com/products/granulation-products/Products_UsedEquipment_Hero_0387-2.html]
[rimeco.com/products/used-equipment/linkid.html]
[rimeco.com/wp-json/wp/v2/pages/2367.html]
[rimeco.com/indexc517.html]
[rimeco.com/news/linkid.html]
[rimeco.com/wp-json/wp/v2/pages/19.html]
[rimeco.com/index5831.html]
[rimeco.com/2020/04/16/we-are-fully-operational/linkid.js]
[rimeco.com/index0d40.html]
[rimeco.com/wp-json/wp/v2/posts/1853]
[rimeco.com/wp-content/uploads/Foto1.jpg]
[rimeco.com/wp-content/uploads/Foto2.jpg]
[rimeco.com/wp-content/uploads/Foto3.jpg]
[rimeco.com/2020/04/16/we-are-fully-operational/index.html]
[rimeco.com/category/ikke-kategoriseret/index.html]
[rimeco.com/2020/04/16/thank-you/index.html]
[rimeco.com/indexc1a5.html]
[rimeco.com/2020/04/16/hand-sanitiser-and-shift-working/linkid.js]
[rimeco.com/wp-json/wp/v2/posts/1862]
[rimeco.com/2020/04/16/hand-sanitiser-and-shift-working/index.html]
[rimeco.com/2019/12/27/another-year-almost-over/index.html]
[rimeco.com/2019/12/20/new-industrial-harbour/index.html]
[rimeco.com/2019/12/20/rimeco-receives-prestigious-award/index.html]
[rimeco.com/2019/11/22/karet-som-borsen-gazelle/index.html]
[rimeco.com/2019/10/02/borsen-gazelle-2019/index.html]
[rimeco.com/2019/08/20/rimeco-acquires-second-power-plant/index.html]
[rimeco.com/index13c2.html]
[rimeco.com/2019/08/20/sustainable-development/linkid.js]
[rimeco.com/wp-json/wp/v2/posts/1491]
[rimeco.com/wp-content/uploads/UN-Sustainable-development.png]
[rimeco.com/wp-content/uploads/Gazelle.jpg]
[rimeco.com/wp-content/uploads/we-recycle-thumbnail.jpg]
[rimeco.com/2019/08/20/sustainable-development/index.html]
[rimeco.com/2019/05/28/newsortinglinewithshredderfacilityinaabenraa/index.html]
[rimeco.com/2019/05/09/orsted-saelger-stigsnaesvaerket-og-stigsnaes-transithavn/index.html]
[rimeco.com/2019/03/01/we-recycle-for-a-better-environment/index.html]
[rimeco.com/2019/01/10/in-the-recycling-business-since-1888/index.html]
[rimeco.com/2018/10/29/new-liebherr-material-handlers/index.html]
[rimeco.com/2018/10/26/rimeco-is-widening-its-scrap-yard-in-the-port-of-kolding/index.html]
[rimeco.com/2018/08/31/enters-new-recycling-segment/index.html]
[rimeco.com/2018/08/22/rimeco-genbruger-og-gor-plads-til-ny-industri/index.html]
[rimeco.com/2017/06/30/rimeco-acquires-env3/index.html]
[rimeco.com/news/News_Hero_Ur.html]
[rimeco.com/news/News_Hero_Ur-2.html]
[rimeco.com/jobs/linkid.html]
[rimeco.com/wp-json/wp/v2/pages/2196.html]
[rimeco.com/index67c0.html]
[rimeco.com/jobs/controller-med-proces-og-produktionserfaring/index.html]
[rimeco.com/jobs/kontorassistent-med-flair-for-logistik/index.html]
[rimeco.com/contact-us/linkid.html]
[rimeco.com/wp-json/wp/v2/pages/2278.html]
[rimeco.com/indexb6be.html]
[rimeco.com/contact-us/employees/linkid.html]
[rimeco.com/wp-json/wp/v2/pages/2273.html]
[rimeco.com/index7fac.html]
[rimeco.com/contact-us/employees/Contact_Hero.html]
[rimeco.com/contact-us/employees/Contact_Hero-2.html]
[rimeco.com/2021/03/29/taking-down-184-meters-of-chimney/linkid.html]
[rimeco.com/wp-content/cache/min/1/wp-content/themes/salient/css/portfolio-a830721aac7502bda95296fd47e59ae0.css]
[rimeco.com/wp-json/wp/v2/posts/2144.html]
[rimeco.com/indexd2e1.html]
[rimeco.com/category/demolition/feed/index.html]
[rimeco.com/category/demolition/linkid.html]
[rimeco.com/index17f1.html]
[rimeco.com/wp-includes/js/mediaelement/mejs-controls.svg]
[rimeco.com/wp-content/cache/busting/1/wp-includes/js/mediaelement/mediaelementplayer-legacy.min-4.2.16.css]
[rimeco.com/wp-includes/js/mediaelement/wp-mediaelement.min.css]
[rimeco.com/wp-json/wp/v2/categories/1359.html]
[rimeco.com/2021/03/29/streamlining-in-steel/linkid.html]
[rimeco.com/wp-json/wp/v2/posts/2137.html]
[rimeco.com/indexa477.html]
[rimeco.com/category/products-steel-products/feed/index.html]
[rimeco.com/category/products-steel-products/linkid.html]
[rimeco.com/wp-json/wp/v2/categories/1361.html]
[rimeco.com/2021/03/29/we-now-offer-the-complete-range/linkid.html]
[rimeco.com/wp-json/wp/v2/posts/2133.html]
[rimeco.com/index6654.html]
[rimeco.com/category/about-us/feed/index.html]
[rimeco.com/category/about-us/linkid.html]
[rimeco.com/wp-json/wp/v2/categories/1360.html]
[rimeco.com/disclaimer/linkid.html]
[rimeco.com/wp-json/wp/v2/pages/566.html]
[rimeco.com/index5f97.html]
[rimeco.com/cookies/linkid.html]
[rimeco.com/wp-json/wp/v2/pages/563.html]
[rimeco.com/index03c9.html]
[rimeco.com/newsletter-signup/linkid.html]
[rimeco.com/wp-json/wp/v2/pages/1445.html]
[rimeco.com/indexd53a.html]
[rimeco.com/2020/09/14/expanding-in-aabenraa/linkid.html]
[rimeco.com/wp-json/wp/v2/posts/1981.html]
[rimeco.com/index6f73.html]
[rimeco.com/2020/09/14/lowering-our-impact/linkid.html]
[rimeco.com/wp-json/wp/v2/posts/1976.html]
[rimeco.com/index3f11.html]
[rimeco.com/2020/09/14/shipping-handy-sized-freighters/linkid.html]
[rimeco.com/wp-json/wp/v2/posts/1972.html]
[rimeco.com/indexb6a6.html]
[rimeco.com/wp-includes/css/dist/block-library/style.min76f3.css]
[rimeco.com/wp-content/plugins/cookie-notice/css/front.min76f3.css]
[rimeco.com/wp-content/plugins/page-list/css/page-list5fba.css]
[rimeco.com/wp-content/plugins/revslider/public/assets/css/settingsf1f1.css]
[rimeco.com/wp-content/plugins/google-analytics-for-wordpress/assets/css/frontend.min00ee.css]
[rimeco.com/wp-content/themes/salient/css/font-awesome.min4698.css]
[rimeco.com/wp-content/themes/salient/style76f3.css]
[rimeco.com/wp-content/themes/salient/css/rgs9749.css]
[rimeco.com/wp-content/uploads/2018/06/chevron_white-right.png]
[rimeco.com/wp-content/uploads/2018/06/chevron_black-left.png]
[rimeco.com/wp-content/uploads/2018/06/chevron_black-right.png]
[rimeco.com/wp-content/uploads/button-arrow-right.png]
[rimeco.com/wp-content/uploads/button-arrow-right_black.png]
[rimeco.com/wp-content/themes/salient-child/style2ff6.css]
[rimeco.com/wp-content/themes/salient/css/magnificae48.css]
[rimeco.com/wp-content/themes/salient/css/responsive2ff6.css]
[rimeco.com/wp-content/plugins/js_composer_salient/assets/css/js_composer.min4d2c.css]
[rimeco.com/wp-content/plugins/gravityforms/css/formreset.min6d87.css]
[rimeco.com/wp-content/plugins/gravityforms/css/formsmain.min6d87.css]
[rimeco.com/wp-content/plugins/gravityforms/css/readyclass.min6d87.css]
[rimeco.com/wp-content/plugins/gravityforms/css/browsers.min6d87.css]
[rimeco.com/wp-content/plugins/popup-maker/assets/css/pum-site.mine57b.css]
[rimeco.com/2020/09/14/turning-offshore-wind-turbine-towers-into-fresh-steel/linkid.html]
[rimeco.com/wp-json/wp/v2/posts/1985.html]
[rimeco.com/index46ab.html]
[rimeco.com/category/products-steel-scrap/feed/index.html]
[rimeco.com/category/products-steel-scrap/linkid.html]
[rimeco.com/wp-json/wp/v2/categories/1364.html]
[rimeco.com/category/recycle-with-us-steel-scrap/feed/index.html]
[rimeco.com/category/recycle-with-us-steel-scrap/linkid.html]
[rimeco.com/wp-json/wp/v2/categories/1365.html]
[rimeco.com/2020/02/26/we-just-pulled-its-legs/linkid.html]
[rimeco.com/wp-json/wp/v2/posts/1785.html]
[rimeco.com/index7128.html]
[rimeco.com/2019/12/20/the-final-blast-in-2019/linkid.html]
[rimeco.com/wp-json/wp/v2/posts/1657.html]
[rimeco.com/indexcf56.html]
[rimeco.com/2019/11/22/1603/linkid.html]
[rimeco.com/wp-json/wp/v2/posts/1603.html]
[rimeco.com/index630b.html]
[rimeco.com/2019/08/20/how-to-recycle-a-power-plant/linkid.html]
[rimeco.com/wp-json/wp/v2/posts/1503.html]
[rimeco.com/index1a9a.html]
[rimeco.com/2019/05/24/demolition-of-the-boiler-house-at-enstedvaerket/linkid.html]
[rimeco.com/wp-json/wp/v2/posts/1399.html]
[rimeco.com/index80a9.html]
[rimeco.com/2021/03/29/working-5-to-22/linkid.html]
[rimeco.com/wp-json/wp/v2/posts/2127.html]
[rimeco.com/index409c.html]
[rimeco.com/category/products-granulation-products/feed/index.html]
[rimeco.com/category/products-granulation-products/linkid.html]
[rimeco.com/wp-json/wp/v2/categories/1362.html]
[rimeco.com/contact/index4504.html]
[rimeco.com/category/recycle-with-us-granulation/feed/index.html]
[rimeco.com/category/recycle-with-us-granulation/linkid.html]
[rimeco.com/wp-json/wp/v2/categories/1363.html]
[rimeco.com/2019/12/20/995-percent-pure-recycled-metals/linkid.html]
[rimeco.com/wp-json/wp/v2/posts/1652.html]
[rimeco.com/index0d40.html]
[rimeco.com/2020/04/16/we-are-fully-operational/linkid.html]
[rimeco.com/wp-json/wp/v2/posts/1853.html]
[rimeco.com/indexc1a5.html]
[rimeco.com/2020/04/16/hand-sanitiser-and-shift-working/linkid.html]
[rimeco.com/wp-json/wp/v2/posts/1862.html]
[rimeco.com/index13c2.html]
[rimeco.com/2019/08/20/sustainable-development/linkid.html]
[rimeco.com/wp-json/wp/v2/posts/1491.html]
[rimeco.com/index17f1.html]
[rimeco.com/wp-includes/js/mediaelement/mejs-controls.svg]
[platform.linkedin.com/in.js]
[px.ads.linkedin.com/insight_tag_errorsd41d.gif]
